// Jest Snapshot v1, https://goo.gl/fbAQLP

exports[`IÂ´ll test my first App debe mostrar <PrimeraApp /> correctamente  1`] = `
<Fragment>
  <h1>
    Hola soy Lorenzo
  </h1>
  <p>
    soy un subtitulo
  </p>
</Fragment>
`;
